[1/156] Optimizing C:\Users\binge\OneDrive\Desktop\Web Projects\sector69\video\S0\02.mp4
[2/156] Optimizing C:\Users\binge\OneDrive\Desktop\Web Projects\sector69\video\S1\S1.mp4
[3/156] Optimizing C:\Users\binge\OneDrive\Desktop\Web Projects\sector69\video\S1\s2.mp4
[4/156] Optimizing C:\Users\binge\OneDrive\Desktop\Web Projects\sector69\video\S1\s3.mp4
[5/156] Optimizing C:\Users\binge\OneDrive\Desktop\Web Projects\sector69\video\S1\s4.mp4
[6/156] Optimizing C:\Users\binge\OneDrive\Desktop\Web Projects\sector69\video\S1\s5.mp4
[7/156] Optimizing C:\Users\binge\OneDrive\Desktop\Web Projects\sector69\video\S1\s6.mp4
[8/156] Optimizing C:\Users\binge\OneDrive\Desktop\Web Projects\sector69\video\S1\s7.mp4
[9/156] Optimizing C:\Users\binge\OneDrive\Desktop\Web Projects\sector69\video\S1\s8.mp4
[10/156] Optimizing C:\Users\binge\OneDrive\Desktop\Web Projects\sector69\video\S10\a1.mp4
[11/156] Optimizing C:\Users\binge\OneDrive\Desktop\Web Projects\sector69\video\S10\a2.mp4
[12/156] Optimizing C:\Users\binge\OneDrive\Desktop\Web Projects\sector69\video\S10\a3.mp4
[13/156] Optimizing C:\Users\binge\OneDrive\Desktop\Web Projects\sector69\video\S10\a4.mp4
[14/156] Optimizing C:\Users\binge\OneDrive\Desktop\Web Projects\sector69\video\S10\a5.mp4
[15/156] Optimizing C:\Users\binge\OneDrive\Desktop\Web Projects\sector69\video\S10\a6.mp4
[16/156] Optimizing C:\Users\binge\OneDrive\Desktop\Web Projects\sector69\video\S10\a7.mp4
[17/156] Optimizing C:\Users\binge\OneDrive\Desktop\Web Projects\sector69\video\S10\a8.mp4
[18/156] Optimizing C:\Users\binge\OneDrive\Desktop\Web Projects\sector69\video\S11\s1.mp4
[19/156] Optimizing C:\Users\binge\OneDrive\Desktop\Web Projects\sector69\video\S11\s2.mp4
[20/156] Optimizing C:\Users\binge\OneDrive\Desktop\Web Projects\sector69\video\S11\s3.mp4
[21/156] Optimizing C:\Users\binge\OneDrive\Desktop\Web Projects\sector69\video\S12\a1.mp4
[22/156] Optimizing C:\Users\binge\OneDrive\Desktop\Web Projects\sector69\video\S12\a10.mp4
[23/156] Optimizing C:\Users\binge\OneDrive\Desktop\Web Projects\sector69\video\S12\a11.mp4
[24/156] Optimizing C:\Users\binge\OneDrive\Desktop\Web Projects\sector69\video\S12\a12.mp4
[25/156] Optimizing C:\Users\binge\OneDrive\Desktop\Web Projects\sector69\video\S12\a13.1.mp4
[26/156] Optimizing C:\Users\binge\OneDrive\Desktop\Web Projects\sector69\video\S12\a13.mp4
[27/156] Optimizing C:\Users\binge\OneDrive\Desktop\Web Projects\sector69\video\S12\a14.mp4
[28/156] Optimizing C:\Users\binge\OneDrive\Desktop\Web Projects\sector69\video\S12\a15.mp4
[29/156] Optimizing C:\Users\binge\OneDrive\Desktop\Web Projects\sector69\video\S12\a16.1.mp4
[30/156] Optimizing C:\Users\binge\OneDrive\Desktop\Web Projects\sector69\video\S12\a16.mp4
[31/156] Optimizing C:\Users\binge\OneDrive\Desktop\Web Projects\sector69\video\S12\a17.mp4
[32/156] Optimizing C:\Users\binge\OneDrive\Desktop\Web Projects\sector69\video\S12\a18.mp4
[33/156] Optimizing C:\Users\binge\OneDrive\Desktop\Web Projects\sector69\video\S12\a19.1.mp4
[34/156] Optimizing C:\Users\binge\OneDrive\Desktop\Web Projects\sector69\video\S12\a19.mp4
[35/156] Optimizing C:\Users\binge\OneDrive\Desktop\Web Projects\sector69\video\S12\a2.1.mp4
[36/156] Optimizing C:\Users\binge\OneDrive\Desktop\Web Projects\sector69\video\S12\a2.mp4
[37/156] Optimizing C:\Users\binge\OneDrive\Desktop\Web Projects\sector69\video\S12\a20.1.mp4
[38/156] Optimizing C:\Users\binge\OneDrive\Desktop\Web Projects\sector69\video\S12\a20.mp4
[39/156] Optimizing C:\Users\binge\OneDrive\Desktop\Web Projects\sector69\video\S12\a21.mp4
[40/156] Optimizing C:\Users\binge\OneDrive\Desktop\Web Projects\sector69\video\S12\a22.mp4
[41/156] Optimizing C:\Users\binge\OneDrive\Desktop\Web Projects\sector69\video\S12\a3.1.mp4
[42/156] Optimizing C:\Users\binge\OneDrive\Desktop\Web Projects\sector69\video\S12\a3.mp4
[43/156] Optimizing C:\Users\binge\OneDrive\Desktop\Web Projects\sector69\video\S12\a4.1.mp4
[44/156] Optimizing C:\Users\binge\OneDrive\Desktop\Web Projects\sector69\video\S12\a4.mp4
[45/156] Optimizing C:\Users\binge\OneDrive\Desktop\Web Projects\sector69\video\S12\a5.1.mp4
[46/156] Optimizing C:\Users\binge\OneDrive\Desktop\Web Projects\sector69\video\S12\a5.mp4
[47/156] Optimizing C:\Users\binge\OneDrive\Desktop\Web Projects\sector69\video\S12\a6.1.mp4
[48/156] Optimizing C:\Users\binge\OneDrive\Desktop\Web Projects\sector69\video\S12\a6.mp4
[49/156] Optimizing C:\Users\binge\OneDrive\Desktop\Web Projects\sector69\video\S12\a7.1.mp4
[50/156] Optimizing C:\Users\binge\OneDrive\Desktop\Web Projects\sector69\video\S12\a7.mp4
[51/156] Optimizing C:\Users\binge\OneDrive\Desktop\Web Projects\sector69\video\S12\a8.1.mp4
[52/156] Optimizing C:\Users\binge\OneDrive\Desktop\Web Projects\sector69\video\S12\a8.mp4
[53/156] Optimizing C:\Users\binge\OneDrive\Desktop\Web Projects\sector69\video\S12\a9.1.mp4
[54/156] Optimizing C:\Users\binge\OneDrive\Desktop\Web Projects\sector69\video\S12\a9.mp4
[55/156] Optimizing C:\Users\binge\OneDrive\Desktop\Web Projects\sector69\video\S2\p1.mp4
[56/156] Optimizing C:\Users\binge\OneDrive\Desktop\Web Projects\sector69\video\S2\p10.mp4
[57/156] Optimizing C:\Users\binge\OneDrive\Desktop\Web Projects\sector69\video\S2\p2.mp4
[58/156] Optimizing C:\Users\binge\OneDrive\Desktop\Web Projects\sector69\video\S2\p3.mp4
[59/156] Optimizing C:\Users\binge\OneDrive\Desktop\Web Projects\sector69\video\S2\p4.mp4
[60/156] Optimizing C:\Users\binge\OneDrive\Desktop\Web Projects\sector69\video\S2\p5.mp4
[61/156] Optimizing C:\Users\binge\OneDrive\Desktop\Web Projects\sector69\video\S2\p6.mp4
[62/156] Optimizing C:\Users\binge\OneDrive\Desktop\Web Projects\sector69\video\S2\p7.mp4
[63/156] Optimizing C:\Users\binge\OneDrive\Desktop\Web Projects\sector69\video\S2\p8.mp4
[64/156] Optimizing C:\Users\binge\OneDrive\Desktop\Web Projects\sector69\video\S2\p9.mp4
[65/156] Optimizing C:\Users\binge\OneDrive\Desktop\Web Projects\sector69\video\S3\c1.mp4
[66/156] Optimizing C:\Users\binge\OneDrive\Desktop\Web Projects\sector69\video\S3\c10.mp4
[67/156] Optimizing C:\Users\binge\OneDrive\Desktop\Web Projects\sector69\video\S3\c11.mp4
[68/156] Optimizing C:\Users\binge\OneDrive\Desktop\Web Projects\sector69\video\S3\c12.mp4
[69/156] Optimizing C:\Users\binge\OneDrive\Desktop\Web Projects\sector69\video\S3\c13.mp4
[70/156] Optimizing C:\Users\binge\OneDrive\Desktop\Web Projects\sector69\video\S3\c14.mp4
[71/156] Optimizing C:\Users\binge\OneDrive\Desktop\Web Projects\sector69\video\S3\c15.mp4
[72/156] Optimizing C:\Users\binge\OneDrive\Desktop\Web Projects\sector69\video\S3\c16.mp4
[73/156] Optimizing C:\Users\binge\OneDrive\Desktop\Web Projects\sector69\video\S3\c17.mp4
[74/156] Optimizing C:\Users\binge\OneDrive\Desktop\Web Projects\sector69\video\S3\c18.mp4
[75/156] Optimizing C:\Users\binge\OneDrive\Desktop\Web Projects\sector69\video\S3\c19.mp4
[76/156] Optimizing C:\Users\binge\OneDrive\Desktop\Web Projects\sector69\video\S3\c2.mp4
[77/156] Optimizing C:\Users\binge\OneDrive\Desktop\Web Projects\sector69\video\S3\c20.mp4
[78/156] Optimizing C:\Users\binge\OneDrive\Desktop\Web Projects\sector69\video\S3\c21. 1.mp4
[79/156] Optimizing C:\Users\binge\OneDrive\Desktop\Web Projects\sector69\video\S3\c21.mp4
[80/156] Optimizing C:\Users\binge\OneDrive\Desktop\Web Projects\sector69\video\S3\c22.mp4
[81/156] Optimizing C:\Users\binge\OneDrive\Desktop\Web Projects\sector69\video\S3\c3.mp4
[82/156] Optimizing C:\Users\binge\OneDrive\Desktop\Web Projects\sector69\video\S3\c4.mp4
[83/156] Optimizing C:\Users\binge\OneDrive\Desktop\Web Projects\sector69\video\S3\c5.mp4
[84/156] Optimizing C:\Users\binge\OneDrive\Desktop\Web Projects\sector69\video\S3\c6.mp4
[85/156] Optimizing C:\Users\binge\OneDrive\Desktop\Web Projects\sector69\video\S3\c7.mp4
[86/156] Optimizing C:\Users\binge\OneDrive\Desktop\Web Projects\sector69\video\S3\c8.mp4
[87/156] Optimizing C:\Users\binge\OneDrive\Desktop\Web Projects\sector69\video\S3\c9.mp4
[88/156] Optimizing C:\Users\binge\OneDrive\Desktop\Web Projects\sector69\video\S4\a1.mp4
[89/156] Optimizing C:\Users\binge\OneDrive\Desktop\Web Projects\sector69\video\S4\a10.mp4
[90/156] Optimizing C:\Users\binge\OneDrive\Desktop\Web Projects\sector69\video\S4\a11.mp4
[91/156] Optimizing C:\Users\binge\OneDrive\Desktop\Web Projects\sector69\video\S4\a12.mp4
[92/156] Optimizing C:\Users\binge\OneDrive\Desktop\Web Projects\sector69\video\S4\a13.mp4
[93/156] Optimizing C:\Users\binge\OneDrive\Desktop\Web Projects\sector69\video\S4\a14.mp4
[94/156] Optimizing C:\Users\binge\OneDrive\Desktop\Web Projects\sector69\video\S4\a15.mp4
[95/156] Optimizing C:\Users\binge\OneDrive\Desktop\Web Projects\sector69\video\S4\a16.mp4
[96/156] Optimizing C:\Users\binge\OneDrive\Desktop\Web Projects\sector69\video\S4\a17.mp4
[97/156] Optimizing C:\Users\binge\OneDrive\Desktop\Web Projects\sector69\video\S4\a18.mp4
[98/156] Optimizing C:\Users\binge\OneDrive\Desktop\Web Projects\sector69\video\S4\a19.mp4
[99/156] Optimizing C:\Users\binge\OneDrive\Desktop\Web Projects\sector69\video\S4\a2.mp4
[100/156] Optimizing C:\Users\binge\OneDrive\Desktop\Web Projects\sector69\video\S4\a20.mp4
[101/156] Optimizing C:\Users\binge\OneDrive\Desktop\Web Projects\sector69\video\S4\a3.mp4
[102/156] Optimizing C:\Users\binge\OneDrive\Desktop\Web Projects\sector69\video\S4\a4.mp4
[103/156] Optimizing C:\Users\binge\OneDrive\Desktop\Web Projects\sector69\video\S4\a5.mp4
[104/156] Optimizing C:\Users\binge\OneDrive\Desktop\Web Projects\sector69\video\S4\a6.mp4
[105/156] Optimizing C:\Users\binge\OneDrive\Desktop\Web Projects\sector69\video\S4\a7.mp4
[106/156] Optimizing C:\Users\binge\OneDrive\Desktop\Web Projects\sector69\video\S4\a8.mp4
[107/156] Optimizing C:\Users\binge\OneDrive\Desktop\Web Projects\sector69\video\S4\a9.mp4
[108/156] Optimizing C:\Users\binge\OneDrive\Desktop\Web Projects\sector69\video\S5\a1.mp4
[109/156] Optimizing C:\Users\binge\OneDrive\Desktop\Web Projects\sector69\video\S5\a10.mp4
[110/156] Optimizing C:\Users\binge\OneDrive\Desktop\Web Projects\sector69\video\S5\a11.mp4
[111/156] Optimizing C:\Users\binge\OneDrive\Desktop\Web Projects\sector69\video\S5\a12.mp4
[112/156] Optimizing C:\Users\binge\OneDrive\Desktop\Web Projects\sector69\video\S5\a13.mp4
[113/156] Optimizing C:\Users\binge\OneDrive\Desktop\Web Projects\sector69\video\S5\a14.mp4
[114/156] Optimizing C:\Users\binge\OneDrive\Desktop\Web Projects\sector69\video\S5\a15.mp4
[115/156] Optimizing C:\Users\binge\OneDrive\Desktop\Web Projects\sector69\video\S5\a16.mp4
[116/156] Optimizing C:\Users\binge\OneDrive\Desktop\Web Projects\sector69\video\S5\a17.mp4
[117/156] Optimizing C:\Users\binge\OneDrive\Desktop\Web Projects\sector69\video\S5\a18.mp4
[118/156] Optimizing C:\Users\binge\OneDrive\Desktop\Web Projects\sector69\video\S5\a19.mp4
[119/156] Optimizing C:\Users\binge\OneDrive\Desktop\Web Projects\sector69\video\S5\a2.mp4
[120/156] Optimizing C:\Users\binge\OneDrive\Desktop\Web Projects\sector69\video\S5\a20.mp4
[121/156] Optimizing C:\Users\binge\OneDrive\Desktop\Web Projects\sector69\video\S5\a3.mp4
[122/156] Optimizing C:\Users\binge\OneDrive\Desktop\Web Projects\sector69\video\S5\a4.mp4
[123/156] Optimizing C:\Users\binge\OneDrive\Desktop\Web Projects\sector69\video\S5\a5.mp4
[124/156] Optimizing C:\Users\binge\OneDrive\Desktop\Web Projects\sector69\video\S5\a6.mp4
[125/156] Optimizing C:\Users\binge\OneDrive\Desktop\Web Projects\sector69\video\S5\a7.mp4
[126/156] Optimizing C:\Users\binge\OneDrive\Desktop\Web Projects\sector69\video\S5\a8.mp4
[127/156] Optimizing C:\Users\binge\OneDrive\Desktop\Web Projects\sector69\video\S5\a9.mp4
[128/156] Optimizing C:\Users\binge\OneDrive\Desktop\Web Projects\sector69\video\S6\a1.mp4
[129/156] Optimizing C:\Users\binge\OneDrive\Desktop\Web Projects\sector69\video\S6\a2.mp4
[130/156] Optimizing C:\Users\binge\OneDrive\Desktop\Web Projects\sector69\video\S6\a3.mp4
[131/156] Optimizing C:\Users\binge\OneDrive\Desktop\Web Projects\sector69\video\S6\a4.mp4
[132/156] Optimizing C:\Users\binge\OneDrive\Desktop\Web Projects\sector69\video\S6\a5.mp4
[133/156] Optimizing C:\Users\binge\OneDrive\Desktop\Web Projects\sector69\video\S6\a6.mp4
[134/156] Optimizing C:\Users\binge\OneDrive\Desktop\Web Projects\sector69\video\S6\a7.mp4
[135/156] Optimizing C:\Users\binge\OneDrive\Desktop\Web Projects\sector69\video\S7\a1.mp4
[136/156] Optimizing C:\Users\binge\OneDrive\Desktop\Web Projects\sector69\video\S7\a2.mp4
[137/156] Optimizing C:\Users\binge\OneDrive\Desktop\Web Projects\sector69\video\S7\a3.mp4
[138/156] Optimizing C:\Users\binge\OneDrive\Desktop\Web Projects\sector69\video\S7\a4.mp4
[139/156] Optimizing C:\Users\binge\OneDrive\Desktop\Web Projects\sector69\video\S7\a5.mp4
[140/156] Optimizing C:\Users\binge\OneDrive\Desktop\Web Projects\sector69\video\S7\a6.mp4
[141/156] Optimizing C:\Users\binge\OneDrive\Desktop\Web Projects\sector69\video\S8\a1.mp4
[142/156] Optimizing C:\Users\binge\OneDrive\Desktop\Web Projects\sector69\video\S8\a10.mp4
[143/156] Optimizing C:\Users\binge\OneDrive\Desktop\Web Projects\sector69\video\S8\a2.mp4
[144/156] Optimizing C:\Users\binge\OneDrive\Desktop\Web Projects\sector69\video\S8\a3.mp4
[145/156] Optimizing C:\Users\binge\OneDrive\Desktop\Web Projects\sector69\video\S8\a4.mp4
[146/156] Optimizing C:\Users\binge\OneDrive\Desktop\Web Projects\sector69\video\S8\a5.mp4
[147/156] Optimizing C:\Users\binge\OneDrive\Desktop\Web Projects\sector69\video\S8\a6.mp4
[148/156] Optimizing C:\Users\binge\OneDrive\Desktop\Web Projects\sector69\video\S8\a7.mp4
[149/156] Optimizing C:\Users\binge\OneDrive\Desktop\Web Projects\sector69\video\S8\a8.mp4
[150/156] Optimizing C:\Users\binge\OneDrive\Desktop\Web Projects\sector69\video\S8\a9.mp4
[151/156] Optimizing C:\Users\binge\OneDrive\Desktop\Web Projects\sector69\video\S9\b1.mp4
[152/156] Optimizing C:\Users\binge\OneDrive\Desktop\Web Projects\sector69\video\S9\b2.mp4
[153/156] Optimizing C:\Users\binge\OneDrive\Desktop\Web Projects\sector69\video\S9\b3.mp4
[154/156] Optimizing C:\Users\binge\OneDrive\Desktop\Web Projects\sector69\video\S9\b4.mp4
[155/156] Optimizing C:\Users\binge\OneDrive\Desktop\Web Projects\sector69\video\S9\b5.mp4
[156/156] Optimizing C:\Users\binge\OneDrive\Desktop\Web Projects\sector69\video\S9\b6.mp4
Done. Optimized video total: 195.48 MB
Report: C:\Users\binge\OneDrive\Desktop\Web Projects\sector69\video-optimization-report.csv
